
Return the latest binary url, matching  the one being executed.

  Usage: gotestfmt download-url

