..

Finished in 30ms, 2 tests, no failures, no skips
