
Download the latest binary matching the one being executed, and replace it.

  Usage: gotestfmt update

