
Display the version

  Usage: gotestfmt version

